
=== Scenario H2O+CH4+CO2+N2 ===
Computing thermal emission above 0.0 km (50 layers)
→ H2O iso1 (LBL)
Scale for H2O = 16.299731473209093
→ CH4 iso1 (LBL)
Scale for CH4 = 1.0
→ CO2 iso1 (LBL)
Scale for CO2 = 1.2085293630860263
→ N2 iso1 (LBL)
Scale for N2 = 0.07880309880899772
flux range: 2.183e-28 – 1.469e-08
tau_tot: min/med/max 0.00010869836429151728 4.547895507851863 3781573.878837187
frac tau>1 0.6091703757832962
High-res spectrum done in 704.9s  N=94117648
  Binning to R=1.00e+02
Wl_native[-1]:17.0, wl_native[0]: 1.0
  Binning to R=2.78e+02
Wl_native[-1]:17.0, wl_native[0]: 1.0
  Binning to R=7.74e+02
Wl_native[-1]:17.0, wl_native[0]: 1.0
  Binning to R=2.15e+03
Wl_native[-1]:17.0, wl_native[0]: 1.0
  Binning to R=5.99e+03
Wl_native[-1]:17.0, wl_native[0]: 1.0
  Binning to R=1.67e+04
Wl_native[-1]:17.0, wl_native[0]: 1.0
  Binning to R=4.64e+04
Wl_native[-1]:17.0, wl_native[0]: 1.0
  Binning to R=1.29e+05
Wl_native[-1]:17.0, wl_native[0]: 1.0
  Binning to R=3.59e+05
Wl_native[-1]:17.0, wl_native[0]: 1.0
  Binning to R=1.00e+06
Wl_native[-1]:17.0, wl_native[0]: 1.0
  Saved → /home/zaniacco/orcd/pool/sgl_science_case/spectra_dict_cache_dwn1e-4_hydrocarbons/H2O+CH4+CO2+N2.pkl

All scenarios done.
