
=== Scenario CH4+C2H2 ===
Computing thermal emission above 0.0 km (50 layers)
→ CH4 iso1 (LBL)
Scale for CH4 = 1.0
→ C2H2 iso1 (LBL)
Scale for C2H2 = 29318361.608084027
flux range: 1.233e-29 – 1.753e-08
tau_tot: min/med/max 0.0 0.01947339833119073 4188133.6695849197
frac tau>1 0.20817307291826928
High-res spectrum done in 1266.1s  N=94117648
  Binning to R=1.00e+02
Wl_native[-1]:17.0, wl_native[0]: 1.0
  Binning to R=2.78e+02
Wl_native[-1]:17.0, wl_native[0]: 1.0
  Binning to R=7.74e+02
Wl_native[-1]:17.0, wl_native[0]: 1.0
  Binning to R=2.15e+03
Wl_native[-1]:17.0, wl_native[0]: 1.0
  Binning to R=5.99e+03
Wl_native[-1]:17.0, wl_native[0]: 1.0
  Binning to R=1.67e+04
Wl_native[-1]:17.0, wl_native[0]: 1.0
  Binning to R=4.64e+04
Wl_native[-1]:17.0, wl_native[0]: 1.0
  Binning to R=1.29e+05
Wl_native[-1]:17.0, wl_native[0]: 1.0
  Binning to R=3.59e+05
Wl_native[-1]:17.0, wl_native[0]: 1.0
  Binning to R=1.00e+06
Wl_native[-1]:17.0, wl_native[0]: 1.0
  Saved → /home/zaniacco/orcd/pool/sgl_science_case/spectra_dict_cache_dwn1e-4_hydrocarbons/CH4+C2H2.pkl

All scenarios done.
