
=== Scenario CH4+CH3 ===
Computing thermal emission above 0.0 km (50 layers)
→ CH4 iso1 (LBL)
Scale for CH4 = 1.0
→ CH3 iso1 (LBL)
Scale for CH3 = 4.0101543335854075e+18
flux range: 1.343e-25 – 3.269e-08
tau_tot: min/med/max 0.0 161862.07051693829 1715423094704.7856
frac tau>1 0.7876309764986902
High-res spectrum done in 1372.1s  N=94117648
  Binning to R=1.00e+02
Wl_native[-1]:17.0, wl_native[0]: 1.0
  Binning to R=2.78e+02
Wl_native[-1]:17.0, wl_native[0]: 1.0
  Binning to R=7.74e+02
Wl_native[-1]:17.0, wl_native[0]: 1.0
  Binning to R=2.15e+03
Wl_native[-1]:17.0, wl_native[0]: 1.0
  Binning to R=5.99e+03
Wl_native[-1]:17.0, wl_native[0]: 1.0
  Binning to R=1.67e+04
Wl_native[-1]:17.0, wl_native[0]: 1.0
  Binning to R=4.64e+04
Wl_native[-1]:17.0, wl_native[0]: 1.0
  Binning to R=1.29e+05
Wl_native[-1]:17.0, wl_native[0]: 1.0
  Binning to R=3.59e+05
Wl_native[-1]:17.0, wl_native[0]: 1.0
  Binning to R=1.00e+06
Wl_native[-1]:17.0, wl_native[0]: 1.0
  Saved → /home/zaniacco/orcd/pool/sgl_science_case/spectra_dict_cache_dwn1e-4_hydrocarbons/CH4+CH3.pkl

All scenarios done.
