
=== Scenario C2H6 ===
Computing thermal emission above 0.0 km (50 layers)
→ C2H6 iso1 (LBL)
Scale for C2H6 = 878083.03970166
flux range: 1.853e-24 – 1.608e-08
tau_tot: min/med/max 0.0 0.0 125867.06585052905
frac tau>1 0.07472744112772559
High-res spectrum done in 297.0s  N=94117648
  Binning to R=1.00e+02
Wl_native[-1]:17.0, wl_native[0]: 1.0
  Binning to R=2.78e+02
Wl_native[-1]:17.0, wl_native[0]: 1.0
  Binning to R=7.74e+02
Wl_native[-1]:17.0, wl_native[0]: 1.0
  Binning to R=2.15e+03
Wl_native[-1]:17.0, wl_native[0]: 1.0
  Binning to R=5.99e+03
Wl_native[-1]:17.0, wl_native[0]: 1.0
  Binning to R=1.67e+04
Wl_native[-1]:17.0, wl_native[0]: 1.0
  Binning to R=4.64e+04
Wl_native[-1]:17.0, wl_native[0]: 1.0
  Binning to R=1.29e+05
Wl_native[-1]:17.0, wl_native[0]: 1.0
  Binning to R=3.59e+05
Wl_native[-1]:17.0, wl_native[0]: 1.0
  Binning to R=1.00e+06
Wl_native[-1]:17.0, wl_native[0]: 1.0
  Saved → /home/zaniacco/orcd/pool/sgl_science_case/spectra_dict_cache_dwn1e-4_hydrocarbons/C2H6.pkl

All scenarios done.
