Layers >= 0.0 km: 50
HAPI version: 1.3.0.0
To get the most up-to-date version please check http://hitran.org/hapi
ATTENTION: Python versions of partition sums from TIPS-2021 are now available in HAPI code

           MIT license: Copyright 2021 HITRAN team, see more at http://hitran.org. 

           If you use HAPI in your research or software development,
           please cite it using the following reference:
           R.V. Kochanov, I.E. Gordon, L.S. Rothman, P. Wcislo, C. Hill, J.S. Wilzewski,
           HITRAN Application Programming Interface (HAPI): A comprehensive approach
           to working with spectroscopic data, J. Quant. Spectrosc. Radiat. Transfer 177, 15-30 (2016)
           DOI: 10.1016/j.jqsrt.2016.03.005

           ATTENTION: This is the core version of the HITRAN Application Programming Interface.
                      For more efficient implementation of the absorption coefficient routine, 
                      as well as for new profiles, parameters and other functional,
                      please consider using HAPI2 extension library.
                      HAPI2 package is available at http://github.com/hitranonline/hapi2

Using /home/zaniacco/sgl_science_case/sgl_science_case/notebooks/HAPI_DB

N2O_iso1
                     Lines parsed: 16617
H2O_iso1
                     Lines parsed: 2120
CH4_iso2
                     Lines parsed: 84137
CH4_iso1
                     Lines parsed: 294253
CS_iso1
                     Lines parsed: 593
CS2_iso1
                     Lines parsed: 279118
CS2_iso2
                     Lines parsed: 266620
CO2_iso1
                     Lines parsed: 158775
CO2_iso2
                     Lines parsed: 60876
✓ CH4_iso1 present
Skipping CH4_iso1_alt008.npz
Skipping CH4_iso1_alt009.npz
Skipping CH4_iso1_alt010.npz
Skipping CH4_iso1_alt011.npz
Skipping CH4_iso1_alt012.npz
Skipping CH4_iso1_alt013.npz
Skipping CH4_iso1_alt014.npz
Skipping CH4_iso1_alt015.npz
Skipping CH4_iso1_alt016.npz
Skipping CH4_iso1_alt017.npz
Skipping CH4_iso1_alt018.npz
Skipping CH4_iso1_alt019.npz
Skipping CH4_iso1_alt020.npz
Skipping CH4_iso1_alt021.npz
Skipping CH4_iso1_alt022.npz
Skipping CH4_iso1_alt023.npz
Skipping CH4_iso1_alt024.npz
Skipping CH4_iso1_alt025.npz
Skipping CH4_iso1_alt026.npz
Skipping CH4_iso1_alt027.npz
Skipping CH4_iso1_alt028.npz
Skipping CH4_iso1_alt029.npz
Skipping CH4_iso1_alt030.npz
Skipping CH4_iso1_alt031.npz
Skipping CH4_iso1_alt032.npz
Skipping CH4_iso1_alt033.npz
Skipping CH4_iso1_alt034.npz
Skipping CH4_iso1_alt035.npz
Skipping CH4_iso1_alt036.npz
Skipping CH4_iso1_alt037.npz
Skipping CH4_iso1_alt038.npz
Skipping CH4_iso1_alt039.npz
Skipping CH4_iso1_alt040.npz
Skipping CH4_iso1_alt041.npz
Skipping CH4_iso1_alt042.npz
Skipping CH4_iso1_alt043.npz
Skipping CH4_iso1_alt044.npz
Skipping CH4_iso1_alt045.npz
Skipping CH4_iso1_alt046.npz
Skipping CH4_iso1_alt047.npz
Skipping CH4_iso1_alt048.npz
Skipping CH4_iso1_alt049.npz
Tasks remaining: 8
[1/8] CH4 iso1 alt 0
