Layers >= 0.0 km: 50
HAPI version: 1.3.0.0
To get the most up-to-date version please check http://hitran.org/hapi
ATTENTION: Python versions of partition sums from TIPS-2021 are now available in HAPI code

           MIT license: Copyright 2021 HITRAN team, see more at http://hitran.org. 

           If you use HAPI in your research or software development,
           please cite it using the following reference:
           R.V. Kochanov, I.E. Gordon, L.S. Rothman, P. Wcislo, C. Hill, J.S. Wilzewski,
           HITRAN Application Programming Interface (HAPI): A comprehensive approach
           to working with spectroscopic data, J. Quant. Spectrosc. Radiat. Transfer 177, 15-30 (2016)
           DOI: 10.1016/j.jqsrt.2016.03.005

           ATTENTION: This is the core version of the HITRAN Application Programming Interface.
                      For more efficient implementation of the absorption coefficient routine, 
                      as well as for new profiles, parameters and other functional,
                      please consider using HAPI2 extension library.
                      HAPI2 package is available at http://github.com/hitranonline/hapi2

Using /home/zaniacco/sgl_science_case/sgl_science_case/notebooks/HAPI_DB

N2O_iso1
                     Lines parsed: 16617
H2O_iso1
                     Lines parsed: 2120
CH4_iso2
                     Lines parsed: 84137
CH4_iso1
                     Lines parsed: 294253
CS_iso1
                     Lines parsed: 593
CS2_iso1
                     Lines parsed: 279118
CS2_iso2
                     Lines parsed: 266620
CO2_iso1
                     Lines parsed: 158775
CO2_iso2
                     Lines parsed: 60876
✓ CO2_iso1 present
Tasks remaining: 50
[1/50] CO2 iso1 alt 0
