Layers >= 0.0 km: 50
HAPI version: 1.3.0.0
To get the most up-to-date version please check http://hitran.org/hapi
ATTENTION: Python versions of partition sums from TIPS-2021 are now available in HAPI code

           MIT license: Copyright 2021 HITRAN team, see more at http://hitran.org. 

           If you use HAPI in your research or software development,
           please cite it using the following reference:
           R.V. Kochanov, I.E. Gordon, L.S. Rothman, P. Wcislo, C. Hill, J.S. Wilzewski,
           HITRAN Application Programming Interface (HAPI): A comprehensive approach
           to working with spectroscopic data, J. Quant. Spectrosc. Radiat. Transfer 177, 15-30 (2016)
           DOI: 10.1016/j.jqsrt.2016.03.005

           ATTENTION: This is the core version of the HITRAN Application Programming Interface.
                      For more efficient implementation of the absorption coefficient routine, 
                      as well as for new profiles, parameters and other functional,
                      please consider using HAPI2 extension library.
                      HAPI2 package is available at http://github.com/hitranonline/hapi2

Using /home/zaniacco/sgl_science_case/sgl_science_case/notebooks/HAPI_DB

H2O_iso1
                     Lines parsed: 2639
CH4_iso2
                     Lines parsed: 84137
CH4_iso1
                     Lines parsed: 5410
N2O_iso1
                     Lines parsed: 23554
CH3Cl_iso1
                     Lines parsed: 25925
CH3OH_iso1
                     Lines parsed: 2348
CH3Br_iso1
                     Lines parsed: 4903
CO2_iso1
                     Lines parsed: 30572
CO2_iso2
                     Lines parsed: 60876
CH3CN_iso1
                     Lines parsed: 11459
CH3F_iso1
                     Lines parsed: 1562
CH3I_iso1
                     Lines parsed: 33871
C2H2_iso1
                     Lines parsed: 39818
C2H6_iso1
                     Lines parsed: 21607
C2H4_iso1
                     Lines parsed: 24725
C4H2_iso1
                     Lines parsed: 104839
CH3_iso1
                     Lines parsed: 4778
✓ CO2_iso1 present
Skipping CO2_iso1_alt000.npz
Skipping CO2_iso1_alt001.npz
Skipping CO2_iso1_alt002.npz
Skipping CO2_iso1_alt003.npz
Skipping CO2_iso1_alt004.npz
Skipping CO2_iso1_alt005.npz
Skipping CO2_iso1_alt006.npz
Skipping CO2_iso1_alt007.npz
Skipping CO2_iso1_alt008.npz
Skipping CO2_iso1_alt009.npz
Skipping CO2_iso1_alt010.npz
Skipping CO2_iso1_alt011.npz
Skipping CO2_iso1_alt012.npz
Skipping CO2_iso1_alt013.npz
Skipping CO2_iso1_alt014.npz
Skipping CO2_iso1_alt015.npz
Skipping CO2_iso1_alt016.npz
Skipping CO2_iso1_alt017.npz
Skipping CO2_iso1_alt018.npz
Skipping CO2_iso1_alt019.npz
Skipping CO2_iso1_alt020.npz
Skipping CO2_iso1_alt021.npz
Skipping CO2_iso1_alt022.npz
Skipping CO2_iso1_alt023.npz
Skipping CO2_iso1_alt024.npz
Skipping CO2_iso1_alt025.npz
Skipping CO2_iso1_alt026.npz
Skipping CO2_iso1_alt027.npz
Skipping CO2_iso1_alt028.npz
Skipping CO2_iso1_alt029.npz
Skipping CO2_iso1_alt030.npz
Skipping CO2_iso1_alt031.npz
Skipping CO2_iso1_alt032.npz
Skipping CO2_iso1_alt033.npz
Skipping CO2_iso1_alt034.npz
Skipping CO2_iso1_alt035.npz
Skipping CO2_iso1_alt036.npz
Skipping CO2_iso1_alt037.npz
Skipping CO2_iso1_alt038.npz
Skipping CO2_iso1_alt039.npz
Skipping CO2_iso1_alt040.npz
Skipping CO2_iso1_alt041.npz
Skipping CO2_iso1_alt042.npz
Skipping CO2_iso1_alt043.npz
Skipping CO2_iso1_alt044.npz
Skipping CO2_iso1_alt045.npz
Skipping CO2_iso1_alt046.npz
Skipping CO2_iso1_alt047.npz
Skipping CO2_iso1_alt048.npz
Skipping CO2_iso1_alt049.npz
Tasks remaining: 0
Done.
