Layers >= 0.0 km: 50
HAPI version: 1.3.0.0
To get the most up-to-date version please check http://hitran.org/hapi
ATTENTION: Python versions of partition sums from TIPS-2021 are now available in HAPI code

           MIT license: Copyright 2021 HITRAN team, see more at http://hitran.org. 

           If you use HAPI in your research or software development,
           please cite it using the following reference:
           R.V. Kochanov, I.E. Gordon, L.S. Rothman, P. Wcislo, C. Hill, J.S. Wilzewski,
           HITRAN Application Programming Interface (HAPI): A comprehensive approach
           to working with spectroscopic data, J. Quant. Spectrosc. Radiat. Transfer 177, 15-30 (2016)
           DOI: 10.1016/j.jqsrt.2016.03.005

           ATTENTION: This is the core version of the HITRAN Application Programming Interface.
                      For more efficient implementation of the absorption coefficient routine, 
                      as well as for new profiles, parameters and other functional,
                      please consider using HAPI2 extension library.
                      HAPI2 package is available at http://github.com/hitranonline/hapi2

Using /home/zaniacco/sgl_science_case/sgl_science_case/notebooks/HAPI_DB

H2O_iso1
                     Lines parsed: 2639
CH4_iso2
                     Lines parsed: 84137
CH4_iso1
                     Lines parsed: 5410
N2O_iso1
                     Lines parsed: 23554
CH3Cl_iso1
                     Lines parsed: 25925
CH3OH_iso1
                     Lines parsed: 2348
CH3Br_iso1
                     Lines parsed: 4903
CO2_iso1
                     Lines parsed: 30572
CO2_iso2
                     Lines parsed: 60876
CH3CN_iso1
                     Lines parsed: 11459
CH3F_iso1
                     Lines parsed: 1562
CH3I_iso1
                     Lines parsed: 33871
C2H2_iso1
                     Lines parsed: 39818
C2H6_iso1
                     Lines parsed: 21607
C2H4_iso1
                     Lines parsed: 24725
C4H2_iso1
                     Lines parsed: 104839
CH3_iso1
                     Lines parsed: 4778
✓ CO2_iso1 present
Tasks remaining: 50
[1/50] CO2 iso1 alt 0
  CO2 iso1 alt=0 T=300.0K p=0.9968 vmr=4.230e-04
{'self': np.float64(0.000423), 'air': np.float64(0.999577)}
8.479558 seconds elapsed for abscoef; nlines = 30572
  → saved (500001 points)
[2/50] CO2 iso1 alt 1
  CO2 iso1 alt=1 T=294.0K p=0.8922 vmr=4.230e-04
{'self': np.float64(0.000423), 'air': np.float64(0.999577)}
12.924515 seconds elapsed for abscoef; nlines = 30572
  → saved (500001 points)
[3/50] CO2 iso1 alt 2
  CO2 iso1 alt=2 T=288.0K p=0.7945 vmr=4.230e-04
{'self': np.float64(0.000423), 'air': np.float64(0.999577)}
11.758900 seconds elapsed for abscoef; nlines = 30572
  → saved (500001 points)
[4/50] CO2 iso1 alt 3
  CO2 iso1 alt=3 T=284.0K p=0.7057 vmr=4.230e-04
{'self': np.float64(0.000423), 'air': np.float64(0.999577)}
10.755807 seconds elapsed for abscoef; nlines = 30572
  → saved (500001 points)
[5/50] CO2 iso1 alt 4
  CO2 iso1 alt=4 T=277.0K p=0.6247 vmr=4.230e-04
{'self': np.float64(0.000423), 'air': np.float64(0.999577)}
9.994676 seconds elapsed for abscoef; nlines = 30572
  → saved (500001 points)
[6/50] CO2 iso1 alt 5
  CO2 iso1 alt=5 T=270.0K p=0.5517 vmr=4.230e-04
{'self': np.float64(0.000423), 'air': np.float64(0.999577)}
9.452107 seconds elapsed for abscoef; nlines = 30572
  → saved (500001 points)
[7/50] CO2 iso1 alt 6
  CO2 iso1 alt=6 T=264.0K p=0.4856 vmr=4.230e-04
{'self': np.float64(0.000423), 'air': np.float64(0.999577)}
9.044398 seconds elapsed for abscoef; nlines = 30572
  → saved (500001 points)
[8/50] CO2 iso1 alt 7
  CO2 iso1 alt=7 T=257.0K p=0.4264 vmr=4.230e-04
{'self': np.float64(0.000423), 'air': np.float64(0.999577)}
8.754100 seconds elapsed for abscoef; nlines = 30572
  → saved (500001 points)
[9/50] CO2 iso1 alt 8
  CO2 iso1 alt=8 T=250.0K p=0.3731 vmr=4.230e-04
{'self': np.float64(0.000423), 'air': np.float64(0.999577)}
8.475670 seconds elapsed for abscoef; nlines = 30572
  → saved (500001 points)
[10/50] CO2 iso1 alt 9
  CO2 iso1 alt=9 T=244.0K p=0.3247 vmr=4.230e-04
{'self': np.float64(0.000423), 'air': np.float64(0.999577)}
8.224630 seconds elapsed for abscoef; nlines = 30572
  → saved (500001 points)
[11/50] CO2 iso1 alt 10
  CO2 iso1 alt=10 T=237.0K p=0.2823 vmr=4.230e-04
{'self': np.float64(0.000423), 'air': np.float64(0.999577)}
7.980396 seconds elapsed for abscoef; nlines = 30572
  → saved (500001 points)
[12/50] CO2 iso1 alt 11
  CO2 iso1 alt=11 T=230.0K p=0.2438 vmr=4.230e-04
{'self': np.float64(0.000423), 'air': np.float64(0.999577)}
7.772594 seconds elapsed for abscoef; nlines = 30572
  → saved (500001 points)
[13/50] CO2 iso1 alt 12
  CO2 iso1 alt=12 T=224.0K p=0.2102 vmr=4.230e-04
{'self': np.float64(0.000423), 'air': np.float64(0.999577)}
7.564938 seconds elapsed for abscoef; nlines = 30572
  → saved (500001 points)
[14/50] CO2 iso1 alt 13
  CO2 iso1 alt=13 T=217.0K p=0.1796 vmr=4.230e-04
{'self': np.float64(0.000423), 'air': np.float64(0.999577)}
7.402397 seconds elapsed for abscoef; nlines = 30572
  → saved (500001 points)
[15/50] CO2 iso1 alt 14
  CO2 iso1 alt=14 T=210.3K p=0.1540 vmr=4.230e-04
{'self': np.float64(0.000423), 'air': np.float64(0.999577)}
7.303946 seconds elapsed for abscoef; nlines = 30572
  → saved (500001 points)
[16/50] CO2 iso1 alt 15
  CO2 iso1 alt=15 T=203.7K p=0.1303 vmr=4.230e-04
{'self': np.float64(0.000423), 'air': np.float64(0.999577)}
7.352996 seconds elapsed for abscoef; nlines = 30572
  → saved (500001 points)
[17/50] CO2 iso1 alt 16
  CO2 iso1 alt=16 T=197.0K p=0.1095 vmr=4.230e-04
{'self': np.float64(0.000423), 'air': np.float64(0.999577)}
7.691560 seconds elapsed for abscoef; nlines = 30572
  → saved (500001 points)
[18/50] CO2 iso1 alt 17
  CO2 iso1 alt=17 T=194.8K p=0.0925 vmr=4.230e-04
{'self': np.float64(0.000423), 'air': np.float64(0.999577)}
8.251870 seconds elapsed for abscoef; nlines = 30572
  → saved (500001 points)
[19/50] CO2 iso1 alt 18
  CO2 iso1 alt=18 T=198.8K p=0.0779 vmr=4.230e-04
{'self': np.float64(0.000423), 'air': np.float64(0.999577)}
9.033633 seconds elapsed for abscoef; nlines = 30572
  → saved (500001 points)
[20/50] CO2 iso1 alt 19
  CO2 iso1 alt=19 T=202.7K p=0.0657 vmr=4.230e-04
{'self': np.float64(0.000423), 'air': np.float64(0.999577)}
9.342024 seconds elapsed for abscoef; nlines = 30572
  → saved (500001 points)
[21/50] CO2 iso1 alt 20
  CO2 iso1 alt=20 T=206.7K p=0.0558 vmr=4.230e-04
{'self': np.float64(0.000423), 'air': np.float64(0.999577)}
9.256007 seconds elapsed for abscoef; nlines = 30572
  → saved (500001 points)
[22/50] CO2 iso1 alt 21
  CO2 iso1 alt=21 T=210.7K p=0.0474 vmr=4.230e-04
{'self': np.float64(0.000423), 'air': np.float64(0.999577)}
9.116355 seconds elapsed for abscoef; nlines = 30572
  → saved (500001 points)
[23/50] CO2 iso1 alt 22
  CO2 iso1 alt=22 T=214.6K p=0.0404 vmr=4.230e-04
{'self': np.float64(0.000423), 'air': np.float64(0.999577)}
9.001253 seconds elapsed for abscoef; nlines = 30572
  → saved (500001 points)
[24/50] CO2 iso1 alt 23
  CO2 iso1 alt=23 T=217.0K p=0.0345 vmr=4.230e-04
{'self': np.float64(0.000423), 'air': np.float64(0.999577)}
8.952026 seconds elapsed for abscoef; nlines = 30572
  → saved (500001 points)
[25/50] CO2 iso1 alt 24
  CO2 iso1 alt=24 T=219.2K p=0.0296 vmr=4.230e-04
{'self': np.float64(0.000423), 'air': np.float64(0.999577)}
8.917686 seconds elapsed for abscoef; nlines = 30572
  → saved (500001 points)
[26/50] CO2 iso1 alt 25
  CO2 iso1 alt=25 T=221.4K p=0.0254 vmr=4.230e-04
{'self': np.float64(0.000423), 'air': np.float64(0.999577)}
8.871681 seconds elapsed for abscoef; nlines = 30572
  → saved (500001 points)
[27/50] CO2 iso1 alt 26
  CO2 iso1 alt=26 T=227.0K p=0.0174 vmr=4.230e-04
{'self': np.float64(0.000423), 'air': np.float64(0.999577)}
8.860005 seconds elapsed for abscoef; nlines = 30572
  → saved (500001 points)
[28/50] CO2 iso1 alt 27
  CO2 iso1 alt=27 T=232.3K p=0.0120 vmr=4.230e-04
{'self': np.float64(0.000423), 'air': np.float64(0.999577)}
8.749448 seconds elapsed for abscoef; nlines = 30572
  → saved (500001 points)
[29/50] CO2 iso1 alt 28
  CO2 iso1 alt=28 T=237.7K p=0.0084 vmr=4.230e-04
{'self': np.float64(0.000423), 'air': np.float64(0.999577)}
8.712440 seconds elapsed for abscoef; nlines = 30572
  → saved (500001 points)
[30/50] CO2 iso1 alt 29
  CO2 iso1 alt=29 T=243.1K p=0.0059 vmr=4.230e-04
{'self': np.float64(0.000423), 'air': np.float64(0.999577)}
8.579692 seconds elapsed for abscoef; nlines = 30572
  → saved (500001 points)
[31/50] CO2 iso1 alt 30
  CO2 iso1 alt=30 T=248.5K p=0.0042 vmr=4.230e-04
{'self': np.float64(0.000423), 'air': np.float64(0.999577)}
8.529866 seconds elapsed for abscoef; nlines = 30572
  → saved (500001 points)
[32/50] CO2 iso1 alt 31
  CO2 iso1 alt=31 T=254.0K p=0.0030 vmr=4.230e-04
{'self': np.float64(0.000423), 'air': np.float64(0.999577)}
8.557250 seconds elapsed for abscoef; nlines = 30572
  → saved (500001 points)
[33/50] CO2 iso1 alt 32
  CO2 iso1 alt=32 T=259.4K p=0.0022 vmr=4.230e-04
{'self': np.float64(0.000423), 'air': np.float64(0.999577)}
8.524908 seconds elapsed for abscoef; nlines = 30572
  → saved (500001 points)
[34/50] CO2 iso1 alt 33
  CO2 iso1 alt=33 T=264.8K p=0.0016 vmr=4.230e-04
{'self': np.float64(0.000423), 'air': np.float64(0.999577)}
8.565176 seconds elapsed for abscoef; nlines = 30572
  → saved (500001 points)
[35/50] CO2 iso1 alt 34
  CO2 iso1 alt=34 T=269.6K p=0.0011 vmr=4.230e-04
{'self': np.float64(0.000423), 'air': np.float64(0.999577)}
8.562270 seconds elapsed for abscoef; nlines = 30572
  → saved (500001 points)
[36/50] CO2 iso1 alt 35
  CO2 iso1 alt=35 T=270.2K p=0.0008 vmr=4.230e-04
{'self': np.float64(0.000423), 'air': np.float64(0.999577)}
8.601295 seconds elapsed for abscoef; nlines = 30572
  → saved (500001 points)
[37/50] CO2 iso1 alt 36
  CO2 iso1 alt=36 T=263.4K p=0.0005 vmr=4.230e-04
{'self': np.float64(0.000423), 'air': np.float64(0.999577)}
8.538371 seconds elapsed for abscoef; nlines = 30572
  → saved (500001 points)
[38/50] CO2 iso1 alt 37
  CO2 iso1 alt=37 T=253.1K p=0.0002 vmr=4.230e-04
{'self': np.float64(0.000423), 'air': np.float64(0.999577)}
8.559194 seconds elapsed for abscoef; nlines = 30572
  → saved (500001 points)
[39/50] CO2 iso1 alt 38
  CO2 iso1 alt=38 T=236.0K p=0.0001 vmr=4.230e-04
{'self': np.float64(0.000423), 'air': np.float64(0.999577)}
8.545450 seconds elapsed for abscoef; nlines = 30572
  → saved (500001 points)
[40/50] CO2 iso1 alt 39
  CO2 iso1 alt=39 T=218.9K p=0.0001 vmr=4.230e-04
{'self': np.float64(0.000423), 'air': np.float64(0.999577)}
8.600441 seconds elapsed for abscoef; nlines = 30572
  → saved (500001 points)
[41/50] CO2 iso1 alt 40
  CO2 iso1 alt=40 T=201.8K p=0.0000 vmr=4.230e-04
{'self': np.float64(0.000423), 'air': np.float64(0.999577)}
8.468052 seconds elapsed for abscoef; nlines = 30572
  → saved (500001 points)
[42/50] CO2 iso1 alt 41
  CO2 iso1 alt=41 T=184.8K p=0.0000 vmr=4.230e-04
{'self': np.float64(0.000423), 'air': np.float64(0.999577)}
8.534472 seconds elapsed for abscoef; nlines = 30572
  → saved (500001 points)
[43/50] CO2 iso1 alt 42
  CO2 iso1 alt=42 T=177.1K p=0.0000 vmr=4.230e-04
{'self': np.float64(0.000423), 'air': np.float64(0.999577)}
8.568754 seconds elapsed for abscoef; nlines = 30572
  → saved (500001 points)
[44/50] CO2 iso1 alt 43
  CO2 iso1 alt=43 T=177.0K p=0.0000 vmr=4.230e-04
{'self': np.float64(0.000423), 'air': np.float64(0.999577)}
8.518169 seconds elapsed for abscoef; nlines = 30572
  → saved (500001 points)
[45/50] CO2 iso1 alt 44
  CO2 iso1 alt=44 T=184.3K p=0.0000 vmr=4.230e-04
{'self': np.float64(0.000423), 'air': np.float64(0.999577)}
8.508104 seconds elapsed for abscoef; nlines = 30572
  → saved (500001 points)
[46/50] CO2 iso1 alt 45
  CO2 iso1 alt=45 T=190.7K p=0.0000 vmr=4.230e-04
{'self': np.float64(0.000423), 'air': np.float64(0.999577)}
8.523798 seconds elapsed for abscoef; nlines = 30572
  → saved (500001 points)
[47/50] CO2 iso1 alt 46
  CO2 iso1 alt=46 T=212.0K p=0.0000 vmr=4.230e-04
{'self': np.float64(0.000423), 'air': np.float64(0.999577)}
8.494003 seconds elapsed for abscoef; nlines = 30572
  → saved (500001 points)
[48/50] CO2 iso1 alt 47
  CO2 iso1 alt=47 T=241.6K p=0.0000 vmr=4.230e-04
{'self': np.float64(0.000423), 'air': np.float64(0.999577)}
8.617536 seconds elapsed for abscoef; nlines = 30572
  → saved (500001 points)
[49/50] CO2 iso1 alt 48
  CO2 iso1 alt=48 T=299.7K p=0.0000 vmr=4.230e-04
{'self': np.float64(0.000423), 'air': np.float64(0.999577)}
8.631101 seconds elapsed for abscoef; nlines = 30572
  → saved (500001 points)
[50/50] CO2 iso1 alt 49
  CO2 iso1 alt=49 T=380.0K p=0.0000 vmr=4.230e-04
{'self': np.float64(0.000423), 'air': np.float64(0.999577)}
8.662077 seconds elapsed for abscoef; nlines = 30572
  → saved (500001 points)
Done.
